// Jest Snapshot v1, https://goo.gl/fbAQLP

exports[`<Slideshow> snapshots renders correctly 1`] = `
<table>
  <thead>
    <tr>
      <th>
         
        Col1
      </th>
      <th>
         
        Col2
      </th>
    </tr>
  </thead>
  <tbody>
    <tr>
      <td>
        hi
      </td>
      <td>
        bye
      </td>
    </tr>
    <tr>
      <td>
        yes
      </td>
      <td>
        no
      </td>
    </tr>
    <tr>
      <td>
        short
      </td>
      <td>
        tall
      </td>
    </tr>
  </tbody>
</table>
`;
