// Jest Snapshot v1, https://goo.gl/fbAQLP

exports[`<CommentListContainer> snapshots renders correctly when cannot add 1`] = `
<div
  id="comments"
/>
`;
