// Jest Snapshot v1, https://goo.gl/fbAQLP

exports[`<MissionContainer> snapshot does not let user edit canEdit = false 1`] = `
<div
  className="mission"
  dangerouslySetInnerHTML={
    Object {
      "__html": "",
    }
  }
  onBlur={[Function]}
/>
`;

exports[`<MissionContainer> snapshot lets user edit when canEdit = true 1`] = `
<div>
  <div
    id="buttonContainer"
  >
    <button
      className="bold"
      onClick={[Function]}
      type="button"
    >
      bold
    </button>
    <button
      className="italic"
      onClick={[Function]}
      type="button"
    >
      italic
    </button>
    <button
      className="underline"
      onClick={[Function]}
      type="button"
    >
      underline
    </button>
    <button
      className="heading"
      onClick={[Function]}
      type="button"
    >
      heading
    </button>
    <button
      className="fontSize"
      onClick={[Function]}
      type="button"
    >
      fontSize
    </button>
    <button
      className="insertOrderedList"
      onClick={[Function]}
      type="button"
    >
      insertOrderedList
    </button>
    <button
      className="insertUnorderedList"
      onClick={[Function]}
      type="button"
    >
      insertUnorderedList
    </button>
    <button
      className="justifyFull"
      onClick={[Function]}
      type="button"
    >
      justifyFull
    </button>
    <button
      className="justifyLeft"
      onClick={[Function]}
      type="button"
    >
      justifyLeft
    </button>
    <button
      className="justifyRight"
      onClick={[Function]}
      type="button"
    >
      justifyRight
    </button>
    <button
      className="justifyCenter"
      onClick={[Function]}
      type="button"
    >
      justifyCenter
    </button>
    <button
      className="strikeThrough"
      onClick={[Function]}
      type="button"
    >
      strikeThrough
    </button>
    <button
      className="subscript"
      onClick={[Function]}
      type="button"
    >
      subscript
    </button>
    <button
      className="superscript"
      onClick={[Function]}
      type="button"
    >
      superscript
    </button>
    <button
      className="insertImage"
      onClick={[Function]}
      type="button"
    >
      insertImage
    </button>
    <button
      className="createLink"
      onClick={[Function]}
      type="button"
    >
      createLink
    </button>
    <button
      className="unlink"
      onClick={[Function]}
      type="button"
    >
      unlink
    </button>
    <button
      className="hideFromPreview"
      onClick={[Function]}
      type="button"
    >
      hideFromPreview
    </button>
    <br />
    <button
      onClick={[Function]}
      type="button"
    >
      Submit
    </button>
  </div>
  <div
    className="mission"
    contentEditable={true}
    dangerouslySetInnerHTML={
      Object {
        "__html": "",
      }
    }
    onBlur={[Function]}
  />
</div>
`;
