// Jest Snapshot v1, https://goo.gl/fbAQLP

exports[`<LogoutContainer /> snapshots renders correctly 1`] = `
<a
  href="/"
  onClick={[Function]}
>
  <button
    onClick={[Function]}
    type="button"
  >
    Logout
  </button>
</a>
`;
