// Jest Snapshot v1, https://goo.gl/fbAQLP

exports[`<ArticleTableContainer> snapshots renders correctly 1`] = `null`;
